emojiPanBg=chat_emojiPanelBackground
mainMenuBg=windowBackgroundWhite
topBarBg=actionBarDefault
dialogsNameFg=actionBarDefaultTitle
windowBgOver=actionBarDefault

mainMenuCoverFg=chats_menuName

dialogsNameFg=chats_name
dialogsTextFg=chats_messages
dialogsDateFg=chats_date
dialogsDraftFg=chats_draft
dialogsChatIconFg=chats_nameIcon
dialogsTextFgService=chats_nameMessage
dialogsVerifiedIconBg=chats_verifiedBackground
dialogsVerifiedIconFg=chats_verifiedCheck
dialogsUnreadFg=chats_unreadCounterText
dialogsUnreadBg=chats_unreadCounter
dialogsUnreadBgMuted=chats_unreadCounterMuted

historyTextInFg=chat_messageTextIn
historyLinkInFg=chat_messageLinkIn
historyOutIconFg=chat_outSentCheck
historyOutIconFgSelected=chat_outSentCheckSelected

historyTextOutFg=chat_messageTextOut
historyLinkOutFg=chat_messageLinkOut
historySendingOutIconFg=chat_outSentClock
historySendingInvertedIconFg=chat_outSentClockSelected

historyUnreadBarFg=chat_unreadMessagesStartText
historyUnreadBarBg=chat_unreadMessagesStartBackground

historyPeer1UserpicBg=avatar_backgroundRed
historyPeer2UserpicBg=avatar_backgroundGreen
historyPeer3UserpicBg=avatar_backgroundOrange
historyPeer4UserpicBg=avatar_backgroundBlue
historyPeer5UserpicBg=avatar_backgroundViolet
historyPeer6UserpicBg=avatar_backgroundPink
historyPeer7UserpicBg=avatar_backgroundCyan

msgInBg=chat_inBubble
msgInBgSelected=chat_inBubbleSelected
msgInShadow=chat_inBubbleShadow
msgInDateFg=chat_inTimeText
msgInDateFgSelected=chat_inTimeSelectedText
msgInServiceFg=chat_inForwardedNameText

msgOutBg=chat_outBubble
msgOutBgSelected=chat_outBubbleSelected
msgOutShadow=chat_outBubbleShadow
msgOutDateFg=chat_outTimeText
msgOutDateFgSelected=chat_outTimeSelectedText
msgOutServiceFg=chat_outForwardedNameText
