emojiPanBg=chat_emojiPanelBackground
topBarBg=actionBarDefault

boxSearchBg=actionBarDefaultSearch

mainMenuBg=windowBackgroundWhite
mainMenuCoverBg=actionBarDefault
mainMenuCoverFg=actionBarDefaultTitle

windowBg=windowBackgroundWhite
windowBgActive=chats_actionBackground
windowBgOver=actionBarDefault

dialogsBg=chat_wallpaper
dialogsNameFg=chats_name
dialogsTextFg=chats_messages
dialogsDateFg=chats_date
dialogsDraftFg=chats_draft
dialogsChatIconFg=chats_nameIcon
dialogsTextFgService=chats_nameMessage
dialogsSentIconFg=chats_sentCheck
dialogsSendingIconFg=chats_sentClock
dialogsVerifiedIconBg=chats_verifiedBackground
dialogsVerifiedIconFg=chats_verifiedCheck
dialogsUnreadFg=chats_unreadCounterText
dialogsUnreadBg=chats_unreadCounter
dialogsUnreadBgMuted=chats_unreadCounterMuted

; inbox message text
historyTextInFg=chat_messageTextIn
; inbox media filename text
historyFileNameInFg=chat_inFileNameText
; inbox media filename text in a selected message
historyFileNameInFgSelected=chat_inFileInfoSelectedText
; inbox message link
historyLinkInFg=chat_messageLinkIn
; inbox sending message icon (clock) (like in sent messages to yourself or in sent messages to a channel)
historySendingInIconFg=chat_inSentClock

; outbox message text
historyTextOutFg=chat_messageTextOut
; outbox media filename text
historyFileNameOutFg=chat_outFileNameText
; outbox media filename text in a selected message
historyFileNameOutFgSelected=chat_outFileInfoSelectedText
; outbox message link
historyLinkOutFg=chat_messageLinkOut
; outbox message tick / double tick icon
historyOutIconFg=chat_outSentCheck
; outbox message link in a selected text or message
historyOutIconFgSelected=chat_outSentCheckSelected
; outbox sending message icon (clock)
historySendingOutIconFg=chat_outSentClock

; media message tick / double tick icon (like in sent photo)
historyIconFgInverted=chat_mediaSentCheck
; media sending message icon (clock) (like in sent photo)
historySendingInvertedIconFg=chat_mediaSentClock


historyUnreadBarFg=chat_unreadMessagesStartText
historyUnreadBarBg=chat_unreadMessagesStartBackground

; Avatars background
historyPeer1UserpicBg=avatar_backgroundRed
historyPeer2UserpicBg=avatar_backgroundGreen
historyPeer3UserpicBg=avatar_backgroundOrange
historyPeer4UserpicBg=avatar_backgroundBlue
historyPeer5UserpicBg=avatar_backgroundViolet
historyPeer6UserpicBg=avatar_backgroundPink
historyPeer7UserpicBg=avatar_backgroundCyan
historyPeerUserpicFg=avatar_text

; Usernames
historyPeer1NameFg=avatar_nameInMessageRed
historyPeer2NameFg=avatar_nameInMessageGreen
historyPeer3NameFg=avatar_nameInMessageOrange
historyPeer4NameFg=avatar_nameInMessageBlue
historyPeer5NameFg=avatar_nameInMessageViolet
historyPeer6NameFg=avatar_nameInMessagePink
historyPeer7NameFg=avatar_nameInMessageCyan

msgInBg=chat_inBubble
msgInBgSelected=chat_inBubbleSelected
msgInShadow=chat_inBubbleShadow
msgInDateFg=chat_inTimeText
msgInDateFgSelected=chat_inTimeSelectedText
; inbox audio file download circle background
msgFileInBg=chat_inLoader
; inbox audio file download circle background with mouse over
msgFileInBgOver=chat_outLoader
; inbox selected audio file download circle background
msgFileInBgSelected=chat_inLoaderSelected
msgInServiceFg=chat_inForwardedNameText

msgOutBg=chat_outBubble
msgOutBgSelected=chat_outBubbleSelected
msgOutShadow=chat_outBubbleShadow
msgOutDateFg=chat_outTimeText
msgOutDateFgSelected=chat_outTimeSelectedText
; outbox audio file download circle background
msgFileOutBg=chat_outLoader
; outbox audio file download circle background with mouse over
msgFileOutBgOver=chat_outLoader
; outbox selected audio file download circle background
msgFileOutBgSelected=chat_outLoaderSelected

msgOutServiceFg=chat_outForwardedNameText
